
> test3@0.1.0 build
> next build --turbopack

   ▲ Next.js 15.5.3 (Turbopack)
   - Environments: .env.local

   Creating an optimized production build ...
 ⚠ Slow filesystem detected. The benchmark took 623ms. If d:\web_code\2025\test3\.next is a network drive, consider moving it to a local folder. If you have an antivirus enabled, consider excluding your project directory.
 ✓ Finished writing to disk in 95ms
 ✓ Compiled successfully in 4.7s
   Linting and checking validity of types ...

Failed to compile.

./src/app/api/activities/route.ts
26:9  Error: 'query' is never reassigned. Use 'const' instead.  prefer-const
26:16  Error: Unexpected any. Specify a different type.  @typescript-eslint/no-explicit-any

./src/app/api/activities/[id]/route.ts
79:23  Error: Unexpected any. Specify a different type.  @typescript-eslint/no-explicit-any

./src/app/api/analytics/route.ts
6:8  Warning: 'Class' is defined but never used.  @typescript-eslint/no-unused-vars
7:8  Warning: 'Student' is defined but never used.  @typescript-eslint/no-unused-vars
9:8  Warning: 'Assignment' is defined but never used.  @typescript-eslint/no-unused-vars
21:11  Warning: 'type' is assigned a value but never used.  @typescript-eslint/no-unused-vars
22:11  Warning: 'period' is assigned a value but never used.  @typescript-eslint/no-unused-vars
28:9  Error: 'query' is never reassigned. Use 'const' instead.  prefer-const
28:16  Error: Unexpected any. Specify a different type.  @typescript-eslint/no-explicit-any
82:20  Error: Unexpected any. Specify a different type.  @typescript-eslint/no-explicit-any
108:7  Error: 'query' is never reassigned. Use 'const' instead.  prefer-const
108:14  Error: Unexpected any. Specify a different type.  @typescript-eslint/no-explicit-any

./src/app/api/assignments/route.ts
19:9  Error: 'query' is never reassigned. Use 'const' instead.  prefer-const
19:16  Error: Unexpected any. Specify a different type.  @typescript-eslint/no-explicit-any
29:12  Warning: 'error' is defined but never used.  @typescript-eslint/no-unused-vars
73:12  Warning: 'error' is defined but never used.  @typescript-eslint/no-unused-vars

./src/app/api/assignments/[id]/route.ts
31:12  Warning: 'error' is defined but never used.  @typescript-eslint/no-unused-vars
66:12  Warning: 'error' is defined but never used.  @typescript-eslint/no-unused-vars
98:12  Warning: 'error' is defined but never used.  @typescript-eslint/no-unused-vars

./src/app/api/attendance/route.ts
20:9  Error: 'query' is never reassigned. Use 'const' instead.  prefer-const
20:16  Error: Unexpected any. Specify a different type.  @typescript-eslint/no-explicit-any
30:12  Warning: 'error' is defined but never used.  @typescript-eslint/no-unused-vars

./src/app/api/attendance/[id]/route.ts
38:12  Warning: 'error' is defined but never used.  @typescript-eslint/no-unused-vars
70:12  Warning: 'error' is defined but never used.  @typescript-eslint/no-unused-vars

./src/app/api/auth/register/route.ts
53:23  Warning: '_' is assigned a value but never used.  @typescript-eslint/no-unused-vars

./src/app/api/behavior/route.ts
20:9  Error: 'query' is never reassigned. Use 'const' instead.  prefer-const
20:16  Error: Unexpected any. Specify a different type.  @typescript-eslint/no-explicit-any
30:12  Warning: 'error' is defined but never used.  @typescript-eslint/no-unused-vars
83:12  Warning: 'error' is defined but never used.  @typescript-eslint/no-unused-vars

./src/app/api/behavior/[id]/route.ts
30:12  Warning: 'error' is defined but never used.  @typescript-eslint/no-unused-vars
64:12  Warning: 'error' is defined but never used.  @typescript-eslint/no-unused-vars
93:12  Warning: 'error' is defined but never used.  @typescript-eslint/no-unused-vars

./src/app/api/classes/route.ts
23:9  Error: 'query' is never reassigned. Use 'const' instead.  prefer-const
23:16  Error: Unexpected any. Specify a different type.  @typescript-eslint/no-explicit-any

./src/app/api/grades/route.ts
21:9  Error: 'query' is never reassigned. Use 'const' instead.  prefer-const
21:16  Error: Unexpected any. Specify a different type.  @typescript-eslint/no-explicit-any
32:12  Warning: 'error' is defined but never used.  @typescript-eslint/no-unused-vars

./src/app/api/notifications/route.ts
22:9  Error: 'query' is never reassigned. Use 'const' instead.  prefer-const
22:16  Error: Unexpected any. Specify a different type.  @typescript-eslint/no-explicit-any
122:23  Error: Unexpected any. Specify a different type.  @typescript-eslint/no-explicit-any

./src/app/api/notifications/[id]/route.ts
50:23  Error: Unexpected any. Specify a different type.  @typescript-eslint/no-explicit-any

./src/app/api/reports/route.ts
9:8  Warning: 'Assignment' is defined but never used.  @typescript-eslint/no-unused-vars
28:9  Error: 'query' is never reassigned. Use 'const' instead.  prefer-const
28:16  Error: Unexpected any. Specify a different type.  @typescript-eslint/no-explicit-any
130:43  Error: Unexpected any. Specify a different type.  @typescript-eslint/no-explicit-any
131:64  Warning: 'filters' is assigned a value but never used.  @typescript-eslint/no-unused-vars
135:7  Error: 'query' is never reassigned. Use 'const' instead.  prefer-const
135:14  Error: Unexpected any. Specify a different type.  @typescript-eslint/no-explicit-any

./src/app/api/reports/[id]/route.ts
52:23  Error: Unexpected any. Specify a different type.  @typescript-eslint/no-explicit-any

./src/app/api/students/route.ts
19:9  Error: 'query' is never reassigned. Use 'const' instead.  prefer-const
19:16  Error: Unexpected any. Specify a different type.  @typescript-eslint/no-explicit-any
29:12  Warning: 'error' is defined but never used.  @typescript-eslint/no-unused-vars

./src/app/api/students/[id]/route.ts
29:12  Warning: 'error' is defined but never used.  @typescript-eslint/no-unused-vars
61:12  Warning: 'error' is defined but never used.  @typescript-eslint/no-unused-vars
95:12  Warning: 'error' is defined but never used.  @typescript-eslint/no-unused-vars

./src/app/api/teacher/profile/route.ts
7:27  Warning: 'request' is defined but never used.  @typescript-eslint/no-unused-vars
22:12  Warning: 'error' is defined but never used.  @typescript-eslint/no-unused-vars
51:12  Warning: 'error' is defined but never used.  @typescript-eslint/no-unused-vars

./src/app/auth/signin/page.tsx
56:14  Warning: 'error' is defined but never used.  @typescript-eslint/no-unused-vars

./src/app/auth/signup/page.tsx
76:14  Warning: 'error' is defined but never used.  @typescript-eslint/no-unused-vars

./src/app/dashboard/assignments/page.tsx
4:50  Warning: 'Award' is defined but never used.  @typescript-eslint/no-unused-vars
8:3  Warning: 'CardDescription' is defined but never used.  @typescript-eslint/no-unused-vars
400:70  Error: Unexpected any. Specify a different type.  @typescript-eslint/no-explicit-any

./src/app/dashboard/attendance/page.tsx
12:3  Warning: 'Upload' is defined but never used.  @typescript-eslint/no-unused-vars
13:3  Warning: 'Filter' is defined but never used.  @typescript-eslint/no-unused-vars
14:3  Warning: 'Search' is defined but never used.  @typescript-eslint/no-unused-vars
17:3  Warning: 'Eye' is defined but never used.  @typescript-eslint/no-unused-vars
20:3  Warning: 'RefreshCw' is defined but never used.  @typescript-eslint/no-unused-vars
43:10  Warning: 'getAttendanceStatusColor' is defined but never used.  @typescript-eslint/no-unused-vars
43:36  Warning: 'getAttendanceStatusText' is defined but never used.  @typescript-eslint/no-unused-vars
84:10  Warning: 'attendanceHistory' is assigned a value but never used.  @typescript-eslint/no-unused-vars
94:6  Warning: React Hook useEffect has a missing dependency: 'fetchAttendance'. Either include it or remove the dependency array.  react-hooks/exhaustive-deps
128:9  Warning: 'fetchAttendanceHistory' is assigned a value but never used.  @typescript-eslint/no-unused-vars

./src/app/dashboard/behavior/page.tsx
88:6  Warning: React Hook useEffect has a missing dependency: 'fetchBehaviors'. Either include it or remove the dependency array.  react-hooks/exhaustive-deps

./src/app/dashboard/classes/page.tsx
9:3  Warning: 'BookOpen' is defined but never used.  @typescript-eslint/no-unused-vars
11:3  Warning: 'Settings' is defined but never used.  @typescript-eslint/no-unused-vars
12:3  Warning: 'Eye' is defined but never used.  @typescript-eslint/no-unused-vars
14:3  Warning: 'Filter' is defined but never used.  @typescript-eslint/no-unused-vars
15:3  Warning: 'MoreVertical' is defined but never used.  @typescript-eslint/no-unused-vars
16:3  Warning: 'Clock' is defined but never used.  @typescript-eslint/no-unused-vars
19:3  Warning: 'BarChart3' is defined but never used.  @typescript-eslint/no-unused-vars
53:13  Error: Unexpected any. Specify a different type.  @typescript-eslint/no-explicit-any

./src/app/dashboard/grades/page.tsx
9:3  Warning: 'Plus' is defined but never used.  @typescript-eslint/no-unused-vars
10:3  Warning: 'Edit' is defined but never used.  @typescript-eslint/no-unused-vars
11:3  Warning: 'Download' is defined but never used.  @typescript-eslint/no-unused-vars
12:3  Warning: 'Upload' is defined but never used.  @typescript-eslint/no-unused-vars
13:3  Warning: 'Filter' is defined but never used.  @typescript-eslint/no-unused-vars
14:3  Warning: 'Search' is defined but never used.  @typescript-eslint/no-unused-vars
15:3  Warning: 'BarChart3' is defined but never used.  @typescript-eslint/no-unused-vars
16:3  Warning: 'Eye' is defined but never used.  @typescript-eslint/no-unused-vars
17:3  Warning: 'Save' is defined but never used.  @typescript-eslint/no-unused-vars
18:3  Warning: 'X' is defined but never used.  @typescript-eslint/no-unused-vars
19:3  Warning: 'Calendar' is defined but never used.  @typescript-eslint/no-unused-vars
20:3  Warning: 'Clock' is defined but never used.  @typescript-eslint/no-unused-vars
21:3  Warning: 'FileText' is defined but never used.  @typescript-eslint/no-unused-vars
22:3  Warning: 'Target' is defined but never used.  @typescript-eslint/no-unused-vars
39:8  Warning: 'Button' is defined but never used.  @typescript-eslint/no-unused-vars
40:8  Warning: 'Badge' is defined but never used.  @typescript-eslint/no-unused-vars
41:10  Warning: 'Select' is defined but never used.  @typescript-eslint/no-unused-vars
41:18  Warning: 'SelectOption' is defined but never used.  @typescript-eslint/no-unused-vars
42:10  Warning: 'Tabs' is defined but never used.  @typescript-eslint/no-unused-vars
42:16  Warning: 'TabsList' is defined but never used.  @typescript-eslint/no-unused-vars
42:26  Warning: 'TabsTrigger' is defined but never used.  @typescript-eslint/no-unused-vars
42:39  Warning: 'TabsContent' is defined but never used.  @typescript-eslint/no-unused-vars
43:8  Warning: 'Modal' is defined but never used.  @typescript-eslint/no-unused-vars
44:8  Warning: 'Input' is defined but never used.  @typescript-eslint/no-unused-vars
101:6  Warning: React Hook useEffect has missing dependencies: 'fetchAssignments' and 'fetchGrades'. Either include them or remove the dependency array.  react-hooks/exhaustive-deps

./src/app/dashboard/layout.tsx
15:17  Warning: 'session' is assigned a value but never used.  @typescript-eslint/no-unused-vars

./src/app/dashboard/page.tsx
13:3  Warning: 'BarChart3' is defined but never used.  @typescript-eslint/no-unused-vars
15:3  Warning: 'AlertCircle' is defined but never used.  @typescript-eslint/no-unused-vars
16:3  Warning: 'CheckCircle' is defined but never used.  @typescript-eslint/no-unused-vars
17:3  Warning: 'Plus' is defined but never used.  @typescript-eslint/no-unused-vars
19:3  Warning: 'Download' is defined but never used.  @typescript-eslint/no-unused-vars
20:3  Warning: 'Filter' is defined but never used.  @typescript-eslint/no-unused-vars
30:3  Warning: 'Table' is defined but never used.  @typescript-eslint/no-unused-vars
31:3  Warning: 'TableBody' is defined but never used.  @typescript-eslint/no-unused-vars
32:3  Warning: 'TableCell' is defined but never used.  @typescript-eslint/no-unused-vars
33:3  Warning: 'TableHead' is defined but never used.  @typescript-eslint/no-unused-vars
34:3  Warning: 'TableHeader' is defined but never used.  @typescript-eslint/no-unused-vars
35:3  Warning: 'TableRow' is defined but never used.  @typescript-eslint/no-unused-vars
93:11  Warning: 'theme' is assigned a value but never used.  @typescript-eslint/no-unused-vars
134:28  Error: Unexpected any. Specify a different type.  @typescript-eslint/no-explicit-any
138:28  Error: Unexpected any. Specify a different type.  @typescript-eslint/no-explicit-any
145:30  Error: Unexpected any. Specify a different type.  @typescript-eslint/no-explicit-any
161:31  Error: Unexpected any. Specify a different type.  @typescript-eslint/no-explicit-any
174:51  Error: Unexpected any. Specify a different type.  @typescript-eslint/no-explicit-any

./src/app/dashboard/reports/page.tsx
30:13  Error: Unexpected any. Specify a different type.  @typescript-eslint/no-explicit-any
64:6  Warning: React Hook useEffect has a missing dependency: 'fetchGradeData'. Either include it or remove the dependency array.  react-hooks/exhaustive-deps
113:34  Warning: 'index' is defined but never used.  @typescript-eslint/no-unused-vars

./src/app/dashboard/settings/page.tsx
4:22  Warning: 'Globe' is defined but never used.  @typescript-eslint/no-unused-vars

./src/app/dashboard/students/page.tsx
4:45  Warning: 'Filter' is defined but never used.  @typescript-eslint/no-unused-vars
8:3  Warning: 'CardDescription' is defined but never used.  @typescript-eslint/no-unused-vars

./src/app/page.tsx
4:16  Warning: 'CardContent' is defined but never used.  @typescript-eslint/no-unused-vars

./src/components/auth/ProtectedRoute.tsx
20:17  Warning: 'session' is assigned a value but never used.  @typescript-eslint/no-unused-vars

./src/components/dashboard/ClassOverviewCard.tsx
22:3  Warning: 'id' is defined but never used.  @typescript-eslint/no-unused-vars

./src/components/dashboard/QuickActionsCard.tsx
11:3  Warning: 'Settings' is defined but never used.  @typescript-eslint/no-unused-vars

./src/components/layout/Sidebar.tsx
11:3  Warning: 'ClipboardList' is defined but never used.  @typescript-eslint/no-unused-vars

./src/components/ui/Avatar.tsx
38:11  Warning: Using `<img>` could result in slower LCP and higher bandwidth. Consider using `<Image />` from `next/image` or a custom image loader to automatically optimize images. This may incur additional usage or cost from your provider. See: https://nextjs.org/docs/messages/no-img-element  @next/next/no-img-element

./src/middleware.ts
4:23  Warning: 'req' is defined but never used.  @typescript-eslint/no-unused-vars

./src/types/next-auth.d.ts
1:8  Warning: 'NextAuth' is defined but never used.  @typescript-eslint/no-unused-vars

info  - Need to disable some ESLint rules? Learn more here: https://nextjs.org/docs/app/api-reference/config/eslint#disabling-rules
